{
  "run_kind": "diagnostic",
  "condition": "D0",
  "active_attempts": 0,
  "state": "CAPTURE_FINISHED_ANALYSIS_REQUIRED",
  "active_attempts_unknown": false,
  "execution": {
    "command": [
      "/usr/local/cuda/bin/nsys",
      "profile",
      "--trace=cuda,nvtx",
      "--gpuctxsw=true",
      "--sample=none",
      "--cpuctxsw=none",
      "--trace-fork-before-exec=false",
      "--wait=all",
      "--kill=none",
      "--stop-on-exit=true",
      "--duration=0",
      "--export=none",
      "--force-overwrite=false",
      "--output=/home/quyifei/multimodal/workspace/Interception/results/phase7/D0/trace",
      "--env-var=LD_PRELOAD=/home/quyifei/multimodal/workspace/Interception/active-preempt/build-595/librm_control.so",
      "/home/quyifei/multimodal/workspace/Interception/active-preempt/build-595/int_worker",
      "--run-dir",
      "/home/quyifei/multimodal/workspace/Interception/results/phase7/D0/worker",
      "--mode",
      "group-bound-none",
      "--trials",
      "1",
      "--diagnostic-trace",
      "--run-id",
      "D0",
      "--bg-iterations",
      "1630976",
      "--int-iterations",
      "5888",
      "--cta-waves",
      "1",
      "--heartbeat-ns",
      "2000",
      "--trigger-delay-us",
      "3000"
    ],
    "returncode": 0,
    "timed_out": false,
    "termination": [],
    "recovery": "inspect_owner_recovery_logs"
  },
  "worker_complete_correct_cleanup": true
}
